[18:53:05] [main/INFO] (FabricLoader/GameProvider) Loading Minecraft 1.21.1 with Fabric Loader 0.18.4
[18:53:05] [main/INFO] (FabricLoader) Loading 55 mods:
	- fabric-api 0.116.9+1.21.1
	- fabric-api-base 0.4.42+6573ed8c19
	- fabric-api-lookup-api-v1 1.6.72+7b3d111d19
	- fabric-biome-api-v1 13.0.31+d527f9fd19
	- fabric-block-api-v1 1.1.0+0bc3503219
	- fabric-block-view-api-v2 1.0.11+ebb2264e19
	- fabric-blockrenderlayer-v1 1.1.52+0af3f5a719
	- fabric-client-tags-api-v1 1.1.15+6573ed8c19
	- fabric-command-api-v1 1.2.49+f71b366f19
	- fabric-command-api-v2 2.2.28+6ced4dd919
	- fabric-commands-v0 0.2.66+df3654b319
	- fabric-content-registries-v0 8.0.19+b559734419
	- fabric-convention-tags-v1 2.1.6+7f945d5b19
	- fabric-convention-tags-v2 2.11.2+fa89716719
	- fabric-crash-report-info-v1 0.2.29+0af3f5a719
	- fabric-data-attachment-api-v1 1.4.6+5b36e0f719
	- fabric-data-generation-api-v1 20.2.35+37516cd619
	- fabric-dimensions-v1 4.0.1+65213ef819
	- fabric-entity-events-v1 1.8.0+2b27e0a419
	- fabric-events-interaction-v0 0.7.13+ba9dae0619
	- fabric-game-rule-api-v1 1.0.53+6ced4dd919
	- fabric-gametest-api-v1 2.0.5+6fc22b9919
	- fabric-item-api-v1 11.2.0+3b3cb2e819
	- fabric-item-group-api-v1 4.1.7+def88e3a19
	- fabric-key-binding-api-v1 1.0.47+0af3f5a719
	- fabric-keybindings-v0 0.2.45+df3654b319
	- fabric-lifecycle-events-v1 2.6.0+0865547519
	- fabric-loot-api-v2 3.0.15+3f89f5a519
	- fabric-loot-api-v3 1.0.3+3f89f5a519
	- fabric-message-api-v1 6.0.14+8aaf3aca19
	- fabric-model-loading-api-v1 2.1.0+b4d813fc19
	- fabric-networking-api-v1 4.3.0+c7469b2119
	- fabric-object-builder-api-v1 15.2.1+40875a9319
	- fabric-particles-v1 4.0.2+6573ed8c19
	- fabric-recipe-api-v1 5.0.15+2475392c19
	- fabric-registry-sync-v0 5.3.1+e3eddc2119
	- fabric-renderer-api-v1 3.4.1+b4d813fc19
	- fabric-renderer-indigo 1.7.1+c705a49c19
	- fabric-renderer-registries-v1 3.2.69+df3654b319
	- fabric-rendering-data-attachment-v1 0.3.49+73761d2e19
	- fabric-rendering-fluids-v1 3.1.6+1daea21519
	- fabric-rendering-v0 1.1.72+df3654b319
	- fabric-rendering-v1 5.1.0+ab4c25a019
	- fabric-resource-conditions-api-v1 4.3.0+8dc279b119
	- fabric-resource-loader-v0 1.3.1+5b5275af19
	- fabric-screen-api-v1 2.0.25+8b68f1c719
	- fabric-screen-handler-api-v1 1.3.90+b559734419
	- fabric-sound-api-v1 1.0.23+6573ed8c19
	- fabric-transfer-api-v1 5.4.4+7b3d111d19
	- fabric-transitive-access-wideners-v1 6.2.0+45b9699719
	- fabricloader 0.18.4
	- java 21
	- mapupgrades 1.1.2
	- minecraft 1.21.1
	- mixinextras 0.5.0
[18:53:05] [main/INFO] (FabricLoader/Mixin) SpongePowered MIXIN Subsystem Version=0.8.7 Source=file:/C:/Users/polli/.gradle/caches/modules-2/files-2.1/net.fabricmc/sponge-mixin/0.17.0+mixin.0.8.7/cf31463202f72d03b0ef1e1e38e8ee71b7faaab6/sponge-mixin-0.17.0+mixin.0.8.7.jar Service=Knot/Fabric Env=CLIENT
[18:53:05] [main/INFO] (FabricLoader/Mixin) Loaded Fabric development mappings for mixin remapper!
[18:53:05] [main/INFO] (FabricLoader/Mixin) Compatibility level set to JAVA_17
[18:53:05] [main/INFO] (FabricLoader/Mixin) Compatibility level set to JAVA_21
[18:53:06] [main/INFO] (FabricLoader/MixinExtras|Service) Initializing MixinExtras via com.llamalad7.mixinextras.service.MixinExtrasServiceImpl(version=0.5.0).
[18:53:07] [Datafixer Bootstrap/INFO] (Minecraft) 226 Datafixer optimizations took 205 milliseconds
[18:53:11] [Render thread/INFO] (Minecraft) Environment: Environment[sessionHost=https://sessionserver.mojang.com, servicesHost=https://api.minecraftservices.com, name=PROD]
[18:53:11] [Render thread/INFO] (Minecraft) Setting user: Player211
[18:53:12] [Render thread/INFO] (mapupgrades) [MapUpgrades] Config loaded from D:\Cristopher\Documents\minecraft\MODS PARA MAPAS\fabric\mapupgrades\run\config\mapupgrades.json
[18:53:12] [Render thread/INFO] (mapupgrades) Map Upgrades initialized
[18:53:12] [Render thread/INFO] (Indigo) [Indigo] Registering Indigo renderer!
[18:53:12] [Render thread/INFO] (Minecraft) Backend library: LWJGL version 3.3.3-snapshot
[18:53:13] [Render thread/INFO] (Minecraft) Reloading ResourceManager: vanilla, fabric, fabric-api, fabric-api-base, fabric-api-lookup-api-v1, fabric-biome-api-v1, fabric-block-api-v1, fabric-block-view-api-v2, fabric-blockrenderlayer-v1, fabric-client-tags-api-v1, fabric-command-api-v1, fabric-command-api-v2, fabric-commands-v0, fabric-content-registries-v0, fabric-convention-tags-v1, fabric-convention-tags-v2, fabric-crash-report-info-v1, fabric-data-attachment-api-v1, fabric-data-generation-api-v1, fabric-dimensions-v1, fabric-entity-events-v1, fabric-events-interaction-v0, fabric-game-rule-api-v1, fabric-gametest-api-v1, fabric-item-api-v1, fabric-item-group-api-v1, fabric-key-binding-api-v1, fabric-keybindings-v0, fabric-lifecycle-events-v1, fabric-loot-api-v2, fabric-loot-api-v3, fabric-message-api-v1, fabric-model-loading-api-v1, fabric-networking-api-v1, fabric-object-builder-api-v1, fabric-particles-v1, fabric-recipe-api-v1, fabric-registry-sync-v0, fabric-renderer-api-v1, fabric-renderer-indigo, fabric-renderer-registries-v1, fabric-rendering-data-attachment-v1, fabric-rendering-fluids-v1, fabric-rendering-v0, fabric-rendering-v1, fabric-resource-conditions-api-v1, fabric-resource-loader-v0, fabric-screen-api-v1, fabric-screen-handler-api-v1, fabric-sound-api-v1, fabric-transfer-api-v1, fabric-transitive-access-wideners-v1, fabricloader, mapupgrades
[18:53:13] [Worker-Main-13/INFO] (Minecraft) Found unifont_all_no_pua-15.1.05.hex, loading
[18:53:13] [Worker-Main-11/INFO] (Minecraft) Found unifont_jp_patch-15.1.05.hex, loading
[18:53:14] [Render thread/WARN] (Minecraft) Missing sound for event: minecraft:item.goat_horn.play
[18:53:14] [Render thread/WARN] (Minecraft) Missing sound for event: minecraft:entity.goat.screaming.horn_break
[18:53:14] [Render thread/INFO] (Minecraft) OpenAL initialized on device OpenAL Soft on OUT 1-2 (BEHRINGER UMC 202HD 192k)
[18:53:14] [Render thread/INFO] (Minecraft) Sound engine started
[18:53:14] [Render thread/INFO] (Minecraft) Created: 1024x512x4 minecraft:textures/atlas/blocks.png-atlas
[18:53:14] [Render thread/INFO] (Minecraft) Created: 256x256x4 minecraft:textures/atlas/signs.png-atlas
[18:53:14] [Render thread/INFO] (Minecraft) Created: 512x512x4 minecraft:textures/atlas/shield_patterns.png-atlas
[18:53:14] [Render thread/INFO] (Minecraft) Created: 512x512x4 minecraft:textures/atlas/banner_patterns.png-atlas
[18:53:14] [Render thread/INFO] (Minecraft) Created: 1024x1024x4 minecraft:textures/atlas/armor_trims.png-atlas
[18:53:14] [Render thread/INFO] (Minecraft) Created: 128x64x4 minecraft:textures/atlas/decorated_pot.png-atlas
[18:53:14] [Render thread/INFO] (Minecraft) Created: 256x256x4 minecraft:textures/atlas/chest.png-atlas
[18:53:14] [Render thread/INFO] (Minecraft) Created: 512x256x4 minecraft:textures/atlas/shulker_boxes.png-atlas
[18:53:14] [Render thread/INFO] (Minecraft) Created: 512x256x4 minecraft:textures/atlas/beds.png-atlas
[18:53:14] [Render thread/INFO] (Minecraft) Created: 512x256x0 minecraft:textures/atlas/particles.png-atlas
[18:53:14] [Render thread/INFO] (Minecraft) Created: 512x256x0 minecraft:textures/atlas/paintings.png-atlas
[18:53:14] [Render thread/INFO] (Minecraft) Created: 256x128x0 minecraft:textures/atlas/mob_effects.png-atlas
[18:53:14] [Render thread/INFO] (Minecraft) Created: 64x64x0 minecraft:textures/atlas/map_decorations.png-atlas
[18:53:14] [Render thread/INFO] (Minecraft) Created: 1024x512x0 minecraft:textures/atlas/gui.png-atlas
[18:53:14] [Render thread/WARN] (Minecraft) Shader rendertype_entity_translucent_emissive could not find sampler named Sampler2 in the specified shader program.
[18:53:29] [Render thread/INFO] (Minecraft) Loaded 1290 recipes
[18:53:29] [Render thread/INFO] (Minecraft) Loaded 1399 advancements
[18:53:29] [Render thread/INFO] (BiomeModificationImpl) Applied 0 biome modifications to 0 of 64 new biomes in 1.181 ms
[18:53:29] [Server thread/INFO] (Minecraft) Starting integrated minecraft server version 1.21.1
[18:53:29] [Server thread/INFO] (Minecraft) Generating keypair
[18:53:30] [Server thread/INFO] (Minecraft) Preparing start region for dimension minecraft:overworld
[18:53:30] [Render thread/INFO] (Minecraft) Preparing spawn area: 0%
[18:53:30] [Render thread/INFO] (Minecraft) Time elapsed: 272 ms
[18:53:30] [Server thread/INFO] (Minecraft) Changing view distance to 12, from 10
[18:53:30] [Server thread/INFO] (Minecraft) Changing simulation distance to 12, from 0
[18:53:31] [Server thread/INFO] (Minecraft) Player211[local:E:673c6740] logged in with entity id 36 at (-62.38799391047163, 67.0, -32.500746738986955)
[18:53:31] [Server thread/INFO] (Minecraft) Player211 joined the game
[18:53:31] [Server thread/INFO] (Minecraft) Player211 has made the advancement [Isn't It Iron Pick]
[18:53:31] [Server thread/INFO] (Minecraft) Player211 has made the advancement [Stone Age]
[18:53:31] [Render thread/INFO] (Minecraft) [System] [CHAT] Player211 has made the advancement [Isn't It Iron Pick]
[18:53:31] [Render thread/INFO] (Minecraft) [System] [CHAT] Player211 has made the advancement [Stone Age]
[18:53:31] [Render thread/INFO] (Minecraft) Loaded 26 advancements
[18:54:00] [Server thread/INFO] (Minecraft) [Player211: Set the time to 1000]
[18:54:00] [Render thread/INFO] (Minecraft) [System] [CHAT] Set the time to 1000
[18:54:03] [Server thread/INFO] (Minecraft) [Player211: Set own game mode to Survival Mode]
[18:54:03] [Render thread/INFO] (Minecraft) [System] [CHAT] Set own game mode to Survival Mode
[18:54:05] [Render thread/INFO] (Minecraft) [System] [CHAT] Unknown or incomplete command, see below for error
[18:54:05] [Render thread/INFO] (Minecraft) [System] [CHAT] upgrade<--[HERE]
[18:54:11] [Server thread/INFO] (Minecraft) [Player211: Added 10000000 to [Coins] for Player211 (now 10000000)]
[18:54:12] [Render thread/INFO] (Minecraft) [System] [CHAT] Added 10000000 to [Coins] for Player211 (now 10000000)
[18:54:20] [Server thread/INFO] (Minecraft) Player211 has made the advancement [Monster Hunter]
[18:54:20] [Render thread/INFO] (Minecraft) [System] [CHAT] Player211 has made the advancement [Monster Hunter]
[18:54:20] [Render thread/INFO] (Minecraft) Loaded 65 advancements
[18:54:50] [Render thread/INFO] (Minecraft) [System] [CHAT] === Your Upgrades ===
[18:54:50] [Render thread/INFO] (Minecraft) [System] [CHAT] Walk Speed: Lv 0 / 30  (next: 10 coins)
[18:54:50] [Render thread/INFO] (Minecraft) [System] [CHAT] Stone Speed: Lv 50 / 30  [MAX]
[18:54:50] [Render thread/INFO] (Minecraft) [System] [CHAT] Dirt Speed: Lv 15 / 30  (next: 4379 coins)
[18:54:50] [Render thread/INFO] (Minecraft) [System] [CHAT] Wood Speed: Lv 50 / 30  [MAX]
[18:54:50] [Render thread/INFO] (Minecraft) [System] [CHAT] Max Health: Lv 0 / 30  (next: 15 coins)
[18:55:18] [Server thread/INFO] (mapupgrades) [MapUpgrades] Config loaded from D:\Cristopher\Documents\minecraft\MODS PARA MAPAS\fabric\mapupgrades\run\config\mapupgrades.json
[18:55:18] [Server thread/INFO] (Minecraft) [Player211: MapUpgrades config reloaded successfully.]
[18:55:18] [Render thread/INFO] (Minecraft) [System] [CHAT] MapUpgrades config reloaded successfully.
[18:55:19] [Server thread/WARN] (Minecraft) Mismatch in destroy block pos: BlockPos{x=-68, y=67, z=-33} BlockPos{x=-69, y=67, z=-33}
[18:55:19] [Server thread/WARN] (Minecraft) Mismatch in destroy block pos: BlockPos{x=-68, y=67, z=-33} BlockPos{x=-70, y=67, z=-33}
[18:55:19] [Server thread/WARN] (Minecraft) Mismatch in destroy block pos: BlockPos{x=-68, y=67, z=-33} BlockPos{x=-70, y=66, z=-33}
[18:55:20] [Server thread/WARN] (Minecraft) Mismatch in destroy block pos: BlockPos{x=-68, y=67, z=-33} BlockPos{x=-71, y=67, z=-33}
[18:55:20] [Server thread/WARN] (Minecraft) Mismatch in destroy block pos: BlockPos{x=-68, y=67, z=-33} BlockPos{x=-70, y=68, z=-33}
[18:55:20] [Server thread/WARN] (Minecraft) Mismatch in destroy block pos: BlockPos{x=-70, y=68, z=-33} BlockPos{x=-71, y=68, z=-33}
[18:55:20] [Server thread/WARN] (Minecraft) Mismatch in destroy block pos: BlockPos{x=-70, y=68, z=-33} BlockPos{x=-71, y=69, z=-33}
[18:55:20] [Server thread/WARN] (Minecraft) Mismatch in destroy block pos: BlockPos{x=-70, y=68, z=-33} BlockPos{x=-70, y=69, z=-33}
[18:55:20] [Server thread/WARN] (Minecraft) Mismatch in destroy block pos: BlockPos{x=-70, y=69, z=-33} BlockPos{x=-72, y=69, z=-33}
[18:55:20] [Server thread/WARN] (Minecraft) Mismatch in destroy block pos: BlockPos{x=-70, y=69, z=-33} BlockPos{x=-73, y=69, z=-33}
[18:55:20] [Server thread/WARN] (Minecraft) Mismatch in destroy block pos: BlockPos{x=-70, y=69, z=-33} BlockPos{x=-72, y=68, z=-33}
[18:55:20] [Server thread/WARN] (Minecraft) Mismatch in destroy block pos: BlockPos{x=-70, y=69, z=-33} BlockPos{x=-73, y=68, z=-33}
[18:55:20] [Server thread/WARN] (Minecraft) Mismatch in destroy block pos: BlockPos{x=-70, y=69, z=-33} BlockPos{x=-72, y=67, z=-33}
[18:55:21] [Server thread/WARN] (Minecraft) Mismatch in destroy block pos: BlockPos{x=-72, y=67, z=-33} BlockPos{x=-73, y=67, z=-33}
[18:55:21] [Server thread/WARN] (Minecraft) Mismatch in destroy block pos: BlockPos{x=-72, y=67, z=-33} BlockPos{x=-74, y=67, z=-33}
[18:55:21] [Server thread/WARN] (Minecraft) Mismatch in destroy block pos: BlockPos{x=-72, y=67, z=-33} BlockPos{x=-74, y=68, z=-33}
[18:55:21] [Server thread/WARN] (Minecraft) Mismatch in destroy block pos: BlockPos{x=-74, y=68, z=-33} BlockPos{x=-74, y=69, z=-33}
[18:55:21] [Server thread/WARN] (Minecraft) Mismatch in destroy block pos: BlockPos{x=-74, y=68, z=-33} BlockPos{x=-75, y=66, z=-33}
[18:55:21] [Server thread/WARN] (Minecraft) Mismatch in destroy block pos: BlockPos{x=-74, y=68, z=-33} BlockPos{x=-76, y=66, z=-33}
[18:55:22] [Server thread/WARN] (Minecraft) Mismatch in destroy block pos: BlockPos{x=-74, y=68, z=-33} BlockPos{x=-77, y=66, z=-33}
[18:55:22] [Server thread/WARN] (Minecraft) Mismatch in destroy block pos: BlockPos{x=-74, y=68, z=-33} BlockPos{x=-77, y=65, z=-33}
[18:55:22] [Server thread/WARN] (Minecraft) Mismatch in destroy block pos: BlockPos{x=-74, y=68, z=-33} BlockPos{x=-76, y=66, z=-34}
[18:55:22] [Server thread/WARN] (Minecraft) Mismatch in destroy block pos: BlockPos{x=-74, y=68, z=-33} BlockPos{x=-76, y=66, z=-35}
[18:55:22] [Server thread/WARN] (Minecraft) Mismatch in destroy block pos: BlockPos{x=-74, y=68, z=-33} BlockPos{x=-75, y=66, z=-34}
[18:55:22] [Server thread/WARN] (Minecraft) Mismatch in destroy block pos: BlockPos{x=-74, y=68, z=-33} BlockPos{x=-76, y=66, z=-36}
[18:55:22] [Server thread/WARN] (Minecraft) Mismatch in destroy block pos: BlockPos{x=-74, y=68, z=-33} BlockPos{x=-77, y=66, z=-35}
[18:55:22] [Server thread/WARN] (Minecraft) Mismatch in destroy block pos: BlockPos{x=-74, y=68, z=-33} BlockPos{x=-77, y=66, z=-34}
[18:55:22] [Server thread/WARN] (Minecraft) Mismatch in destroy block pos: BlockPos{x=-77, y=66, z=-34} BlockPos{x=-78, y=66, z=-35}
[18:55:22] [Server thread/WARN] (Minecraft) Mismatch in destroy block pos: BlockPos{x=-77, y=66, z=-34} BlockPos{x=-77, y=66, z=-36}
[18:55:22] [Server thread/WARN] (Minecraft) Mismatch in destroy block pos: BlockPos{x=-77, y=66, z=-34} BlockPos{x=-75, y=66, z=-35}
[18:55:23] [Server thread/WARN] (Minecraft) Mismatch in destroy block pos: BlockPos{x=-77, y=66, z=-37} BlockPos{x=-77, y=65, z=-36}
[18:55:23] [Server thread/WARN] (Minecraft) Mismatch in destroy block pos: BlockPos{x=-77, y=66, z=-37} BlockPos{x=-76, y=65, z=-36}
[18:55:23] [Server thread/WARN] (Minecraft) Mismatch in destroy block pos: BlockPos{x=-77, y=66, z=-37} BlockPos{x=-75, y=66, z=-36}
[18:55:23] [Server thread/WARN] (Minecraft) Mismatch in destroy block pos: BlockPos{x=-75, y=66, z=-36} BlockPos{x=-75, y=66, z=-37}
[18:55:23] [Server thread/WARN] (Minecraft) Mismatch in destroy block pos: BlockPos{x=-75, y=66, z=-36} BlockPos{x=-75, y=65, z=-37}
[18:55:23] [Server thread/WARN] (Minecraft) Mismatch in destroy block pos: BlockPos{x=-75, y=66, z=-36} BlockPos{x=-76, y=66, z=-37}
[18:55:23] [Server thread/WARN] (Minecraft) Mismatch in destroy block pos: BlockPos{x=-75, y=66, z=-36} BlockPos{x=-76, y=65, z=-37}
[18:55:23] [Server thread/WARN] (Minecraft) Mismatch in destroy block pos: BlockPos{x=-75, y=66, z=-36} BlockPos{x=-76, y=65, z=-38}
[18:55:23] [Server thread/WARN] (Minecraft) Mismatch in destroy block pos: BlockPos{x=-75, y=66, z=-36} BlockPos{x=-75, y=65, z=-38}
[18:55:23] [Server thread/WARN] (Minecraft) Mismatch in destroy block pos: BlockPos{x=-75, y=66, z=-36} BlockPos{x=-75, y=66, z=-38}
[18:55:23] [Server thread/WARN] (Minecraft) Mismatch in destroy block pos: BlockPos{x=-75, y=66, z=-36} BlockPos{x=-74, y=66, z=-37}
[18:55:23] [Server thread/WARN] (Minecraft) Mismatch in destroy block pos: BlockPos{x=-75, y=66, z=-36} BlockPos{x=-74, y=65, z=-37}
[18:55:23] [Server thread/WARN] (Minecraft) Mismatch in destroy block pos: BlockPos{x=-75, y=66, z=-36} BlockPos{x=-74, y=66, z=-38}
[18:55:23] [Server thread/WARN] (Minecraft) Mismatch in destroy block pos: BlockPos{x=-74, y=66, z=-38} BlockPos{x=-74, y=66, z=-39}
[18:55:24] [Render thread/INFO] (Minecraft) Loaded 66 advancements
[18:55:24] [Server thread/WARN] (Minecraft) Mismatch in destroy block pos: BlockPos{x=-72, y=66, z=-37} BlockPos{x=-72, y=66, z=-38}
[18:55:24] [Server thread/WARN] (Minecraft) Mismatch in destroy block pos: BlockPos{x=-72, y=66, z=-37} BlockPos{x=-71, y=66, z=-38}
[18:55:24] [Server thread/WARN] (Minecraft) Mismatch in destroy block pos: BlockPos{x=-72, y=66, z=-37} BlockPos{x=-70, y=66, z=-38}
[18:55:25] [Server thread/WARN] (Minecraft) Mismatch in destroy block pos: BlockPos{x=-72, y=66, z=-37} BlockPos{x=-71, y=66, z=-37}
[18:55:25] [Server thread/WARN] (Minecraft) Mismatch in destroy block pos: BlockPos{x=-72, y=66, z=-37} BlockPos{x=-70, y=66, z=-37}
[18:55:25] [Server thread/WARN] (Minecraft) Mismatch in destroy block pos: BlockPos{x=-72, y=66, z=-37} BlockPos{x=-69, y=65, z=-38}
[18:55:25] [Server thread/WARN] (Minecraft) Mismatch in destroy block pos: BlockPos{x=-72, y=66, z=-37} BlockPos{x=-69, y=65, z=-38}
[18:56:07] [Server thread/INFO] (mapupgrades) [MapUpgrades] Config loaded from D:\Cristopher\Documents\minecraft\MODS PARA MAPAS\fabric\mapupgrades\run\config\mapupgrades.json
[18:56:07] [Server thread/INFO] (Minecraft) [Player211: MapUpgrades config reloaded successfully.]
[18:56:07] [Render thread/INFO] (Minecraft) [System] [CHAT] MapUpgrades config reloaded successfully.
[18:56:08] [Server thread/WARN] (Minecraft) Mismatch in destroy block pos: BlockPos{x=-72, y=66, z=-37} BlockPos{x=-69, y=66, z=-37}
[18:56:08] [Server thread/WARN] (Minecraft) Mismatch in destroy block pos: BlockPos{x=-72, y=66, z=-37} BlockPos{x=-68, y=66, z=-37}
[18:56:08] [Server thread/WARN] (Minecraft) Mismatch in destroy block pos: BlockPos{x=-72, y=66, z=-37} BlockPos{x=-68, y=65, z=-37}
[18:56:08] [Server thread/WARN] (Minecraft) Mismatch in destroy block pos: BlockPos{x=-72, y=66, z=-37} BlockPos{x=-67, y=65, z=-37}
[18:56:08] [Server thread/WARN] (Minecraft) Mismatch in destroy block pos: BlockPos{x=-72, y=66, z=-37} BlockPos{x=-67, y=64, z=-37}
[18:56:08] [Server thread/WARN] (Minecraft) Mismatch in destroy block pos: BlockPos{x=-72, y=66, z=-37} BlockPos{x=-67, y=66, z=-37}
[18:56:09] [Server thread/WARN] (Minecraft) Mismatch in destroy block pos: BlockPos{x=-67, y=66, z=-37} BlockPos{x=-66, y=65, z=-37}
[18:56:09] [Server thread/WARN] (Minecraft) Mismatch in destroy block pos: BlockPos{x=-67, y=66, z=-37} BlockPos{x=-66, y=66, z=-37}
[18:56:09] [Server thread/WARN] (Minecraft) Mismatch in destroy block pos: BlockPos{x=-67, y=66, z=-37} BlockPos{x=-65, y=65, z=-37}
[18:56:09] [Server thread/WARN] (Minecraft) Mismatch in destroy block pos: BlockPos{x=-67, y=66, z=-37} BlockPos{x=-64, y=65, z=-37}
[18:56:10] [Server thread/WARN] (Minecraft) Mismatch in destroy block pos: BlockPos{x=-67, y=66, z=-37} BlockPos{x=-65, y=66, z=-36}
[18:56:10] [Server thread/WARN] (Minecraft) Mismatch in destroy block pos: BlockPos{x=-67, y=66, z=-37} BlockPos{x=-64, y=66, z=-36}
[18:56:10] [Server thread/WARN] (Minecraft) Mismatch in destroy block pos: BlockPos{x=-67, y=66, z=-37} BlockPos{x=-64, y=65, z=-36}
[18:56:10] [Server thread/WARN] (Minecraft) Mismatch in destroy block pos: BlockPos{x=-67, y=66, z=-37} BlockPos{x=-63, y=65, z=-36}
[18:56:10] [Server thread/WARN] (Minecraft) Mismatch in destroy block pos: BlockPos{x=-67, y=66, z=-37} BlockPos{x=-64, y=64, z=-36}
[18:56:10] [Server thread/WARN] (Minecraft) Mismatch in destroy block pos: BlockPos{x=-67, y=66, z=-37} BlockPos{x=-64, y=65, z=-35}
[18:56:10] [Server thread/WARN] (Minecraft) Mismatch in destroy block pos: BlockPos{x=-67, y=66, z=-37} BlockPos{x=-64, y=66, z=-35}
[18:56:10] [Server thread/WARN] (Minecraft) Mismatch in destroy block pos: BlockPos{x=-67, y=66, z=-37} BlockPos{x=-63, y=66, z=-36}
[18:56:10] [Server thread/WARN] (Minecraft) Mismatch in destroy block pos: BlockPos{x=-64, y=66, z=-34} BlockPos{x=-63, y=66, z=-35}
[18:56:10] [Server thread/WARN] (Minecraft) Mismatch in destroy block pos: BlockPos{x=-64, y=66, z=-34} BlockPos{x=-63, y=65, z=-35}
[18:56:11] [Server thread/WARN] (Minecraft) Mismatch in destroy block pos: BlockPos{x=-63, y=65, z=-35} BlockPos{x=-64, y=65, z=-34}
[18:56:11] [Server thread/WARN] (Minecraft) Mismatch in destroy block pos: BlockPos{x=-63, y=65, z=-35} BlockPos{x=-63, y=66, z=-34}
[18:56:11] [Server thread/WARN] (Minecraft) Mismatch in destroy block pos: BlockPos{x=-63, y=65, z=-35} BlockPos{x=-63, y=65, z=-34}
[18:56:11] [Server thread/WARN] (Minecraft) Mismatch in destroy block pos: BlockPos{x=-63, y=65, z=-35} BlockPos{x=-64, y=66, z=-34}
[18:56:11] [Server thread/WARN] (Minecraft) Mismatch in destroy block pos: BlockPos{x=-63, y=65, z=-35} BlockPos{x=-63, y=65, z=-33}
[18:56:11] [Server thread/WARN] (Minecraft) Mismatch in destroy block pos: BlockPos{x=-63, y=65, z=-35} BlockPos{x=-63, y=65, z=-32}
[18:56:11] [Server thread/WARN] (Minecraft) Mismatch in destroy block pos: BlockPos{x=-63, y=65, z=-35} BlockPos{x=-64, y=65, z=-33}
[18:56:11] [Server thread/WARN] (Minecraft) Mismatch in destroy block pos: BlockPos{x=-63, y=65, z=-35} BlockPos{x=-64, y=65, z=-32}
[18:56:11] [Server thread/WARN] (Minecraft) Mismatch in destroy block pos: BlockPos{x=-63, y=65, z=-35} BlockPos{x=-64, y=64, z=-32}
[18:56:11] [Server thread/WARN] (Minecraft) Mismatch in destroy block pos: BlockPos{x=-63, y=65, z=-35} BlockPos{x=-64, y=64, z=-31}
[18:56:14] [Server thread/WARN] (Minecraft) Mismatch in destroy block pos: BlockPos{x=-63, y=65, z=-35} BlockPos{x=-64, y=66, z=-33}
[18:56:14] [Server thread/WARN] (Minecraft) Mismatch in destroy block pos: BlockPos{x=-63, y=65, z=-35} BlockPos{x=-64, y=66, z=-32}
[18:56:14] [Server thread/WARN] (Minecraft) Mismatch in destroy block pos: BlockPos{x=-63, y=65, z=-35} BlockPos{x=-64, y=65, z=-31}
[18:56:14] [Server thread/WARN] (Minecraft) Mismatch in destroy block pos: BlockPos{x=-63, y=65, z=-35} BlockPos{x=-64, y=66, z=-31}
[18:56:15] [Server thread/WARN] (Minecraft) Mismatch in destroy block pos: BlockPos{x=-63, y=65, z=-35} BlockPos{x=-64, y=65, z=-30}
[18:56:15] [Server thread/WARN] (Minecraft) Mismatch in destroy block pos: BlockPos{x=-63, y=65, z=-35} BlockPos{x=-64, y=65, z=-29}
[18:56:15] [Server thread/WARN] (Minecraft) Mismatch in destroy block pos: BlockPos{x=-63, y=65, z=-35} BlockPos{x=-64, y=66, z=-30}
[18:56:15] [Server thread/WARN] (Minecraft) Mismatch in destroy block pos: BlockPos{x=-63, y=65, z=-35} BlockPos{x=-64, y=66, z=-29}
[18:56:16] [Server thread/WARN] (Minecraft) Mismatch in destroy block pos: BlockPos{x=-63, y=65, z=-35} BlockPos{x=-63, y=66, z=-33}
[18:56:16] [Server thread/WARN] (Minecraft) Mismatch in destroy block pos: BlockPos{x=-63, y=65, z=-35} BlockPos{x=-63, y=66, z=-32}
[18:56:16] [Server thread/WARN] (Minecraft) Mismatch in destroy block pos: BlockPos{x=-63, y=65, z=-35} BlockPos{x=-62, y=66, z=-32}
[18:56:16] [Server thread/WARN] (Minecraft) Mismatch in destroy block pos: BlockPos{x=-63, y=65, z=-35} BlockPos{x=-62, y=66, z=-31}
[18:56:16] [Server thread/WARN] (Minecraft) Mismatch in destroy block pos: BlockPos{x=-63, y=65, z=-35} BlockPos{x=-63, y=66, z=-31}
[18:56:16] [Server thread/WARN] (Minecraft) Mismatch in destroy block pos: BlockPos{x=-63, y=66, z=-31} BlockPos{x=-62, y=66, z=-30}
[18:56:16] [Server thread/WARN] (Minecraft) Mismatch in destroy block pos: BlockPos{x=-63, y=66, z=-31} BlockPos{x=-62, y=65, z=-30}
[18:56:16] [Server thread/WARN] (Minecraft) Mismatch in destroy block pos: BlockPos{x=-63, y=66, z=-31} BlockPos{x=-62, y=65, z=-31}
[18:56:16] [Server thread/WARN] (Minecraft) Mismatch in destroy block pos: BlockPos{x=-63, y=66, z=-31} BlockPos{x=-62, y=65, z=-32}
[18:56:16] [Server thread/WARN] (Minecraft) Mismatch in destroy block pos: BlockPos{x=-62, y=65, z=-32} BlockPos{x=-61, y=65, z=-31}
[18:56:16] [Server thread/WARN] (Minecraft) Mismatch in destroy block pos: BlockPos{x=-62, y=65, z=-32} BlockPos{x=-61, y=65, z=-30}
[18:56:17] [Server thread/WARN] (Minecraft) Mismatch in destroy block pos: BlockPos{x=-62, y=65, z=-32} BlockPos{x=-63, y=65, z=-31}
[18:56:17] [Server thread/WARN] (Minecraft) Mismatch in destroy block pos: BlockPos{x=-63, y=65, z=-31} BlockPos{x=-63, y=65, z=-30}
[18:56:17] [Server thread/WARN] (Minecraft) Mismatch in destroy block pos: BlockPos{x=-63, y=64, z=-30} BlockPos{x=-63, y=65, z=-29}
[18:56:17] [Server thread/WARN] (Minecraft) Mismatch in destroy block pos: BlockPos{x=-63, y=64, z=-30} BlockPos{x=-63, y=65, z=-28}
[18:56:17] [Server thread/WARN] (Minecraft) Mismatch in destroy block pos: BlockPos{x=-63, y=64, z=-30} BlockPos{x=-62, y=65, z=-28}
[18:56:18] [Render thread/INFO] (Minecraft) [System] [CHAT] === Your Upgrades ===
[18:56:18] [Render thread/INFO] (Minecraft) [System] [CHAT] Walk Speed: Lv 0 / 30  (next: 10 coins)
[18:56:18] [Render thread/INFO] (Minecraft) [System] [CHAT] Stone Speed: Lv 50 / 30  [MAX]
[18:56:18] [Render thread/INFO] (Minecraft) [System] [CHAT] Dirt Speed: Lv 15 / 30  (next: 4379 coins)
[18:56:18] [Render thread/INFO] (Minecraft) [System] [CHAT] Wood Speed: Lv 50 / 30  [MAX]
[18:56:18] [Render thread/INFO] (Minecraft) [System] [CHAT] Max Health: Lv 0 / 30  (next: 15 coins)
[18:56:22] [Server thread/WARN] (Minecraft) Mismatch in destroy block pos: BlockPos{x=-63, y=64, z=-30} BlockPos{x=-63, y=64, z=-31}
[18:56:22] [Server thread/WARN] (Minecraft) Mismatch in destroy block pos: BlockPos{x=-63, y=64, z=-30} BlockPos{x=-62, y=64, z=-30}
[18:56:22] [Server thread/WARN] (Minecraft) Mismatch in destroy block pos: BlockPos{x=-63, y=64, z=-30} BlockPos{x=-61, y=64, z=-30}
[18:56:22] [Server thread/WARN] (Minecraft) Mismatch in destroy block pos: BlockPos{x=-61, y=63, z=-30} BlockPos{x=-62, y=64, z=-31}
[18:56:22] [Server thread/WARN] (Minecraft) Mismatch in destroy block pos: BlockPos{x=-61, y=63, z=-30} BlockPos{x=-61, y=64, z=-31}
[18:56:22] [Server thread/WARN] (Minecraft) Mismatch in destroy block pos: BlockPos{x=-62, y=63, z=-30} BlockPos{x=-63, y=63, z=-30}
[18:56:22] [Server thread/WARN] (Minecraft) Mismatch in destroy block pos: BlockPos{x=-62, y=63, z=-30} BlockPos{x=-64, y=64, z=-30}
[18:56:22] [Server thread/WARN] (Minecraft) Mismatch in destroy block pos: BlockPos{x=-64, y=64, z=-30} BlockPos{x=-64, y=63, z=-30}
[18:56:23] [Server thread/WARN] (Minecraft) Mismatch in destroy block pos: BlockPos{x=-64, y=64, z=-30} BlockPos{x=-63, y=63, z=-29}
[18:56:23] [Server thread/WARN] (Minecraft) Mismatch in destroy block pos: BlockPos{x=-63, y=62, z=-30} BlockPos{x=-63, y=63, z=-31}
[18:56:23] [Server thread/WARN] (Minecraft) Mismatch in destroy block pos: BlockPos{x=-63, y=62, z=-30} BlockPos{x=-63, y=62, z=-31}
[18:56:23] [Server thread/WARN] (Minecraft) Mismatch in destroy block pos: BlockPos{x=-63, y=62, z=-30} BlockPos{x=-64, y=63, z=-31}
[18:56:23] [Server thread/WARN] (Minecraft) Mismatch in destroy block pos: BlockPos{x=-63, y=62, z=-30} BlockPos{x=-63, y=61, z=-31}
[18:56:23] [Server thread/WARN] (Minecraft) Mismatch in destroy block pos: BlockPos{x=-63, y=62, z=-30} BlockPos{x=-62, y=63, z=-31}
[18:56:23] [Server thread/WARN] (Minecraft) Mismatch in destroy block pos: BlockPos{x=-62, y=61, z=-31} BlockPos{x=-64, y=63, z=-32}
[18:56:24] [Server thread/WARN] (Minecraft) Mismatch in destroy block pos: BlockPos{x=-64, y=62, z=-31} BlockPos{x=-64, y=62, z=-30}
[18:56:24] [Server thread/WARN] (Minecraft) Mismatch in destroy block pos: BlockPos{x=-64, y=62, z=-31} BlockPos{x=-63, y=60, z=-31}
[18:56:24] [Server thread/WARN] (Minecraft) Mismatch in destroy block pos: BlockPos{x=-64, y=62, z=-31} BlockPos{x=-64, y=62, z=-32}
[18:56:24] [Server thread/WARN] (Minecraft) Mismatch in destroy block pos: BlockPos{x=-63, y=62, z=-32} BlockPos{x=-64, y=61, z=-32}
[18:56:41] [Render thread/INFO] (Minecraft) [System] [CHAT] === Your Upgrades ===
[18:56:41] [Render thread/INFO] (Minecraft) [System] [CHAT] Walk Speed: Lv 0 / 30  (next: 10 coins)
[18:56:41] [Render thread/INFO] (Minecraft) [System] [CHAT] Stone Speed: Lv 15 / 30  (next: 4379 coins)
[18:56:41] [Render thread/INFO] (Minecraft) [System] [CHAT] Dirt Speed: Lv 15 / 30  (next: 4379 coins)
[18:56:41] [Render thread/INFO] (Minecraft) [System] [CHAT] Wood Speed: Lv 15 / 30  (next: 4379 coins)
[18:56:41] [Render thread/INFO] (Minecraft) [System] [CHAT] Max Health: Lv 0 / 30  (next: 15 coins)
[18:56:43] [Server thread/WARN] (Minecraft) Mismatch in destroy block pos: BlockPos{x=-63, y=62, z=-32} BlockPos{x=-63, y=64, z=-29}
[18:56:43] [Server thread/WARN] (Minecraft) Mismatch in destroy block pos: BlockPos{x=-63, y=62, z=-32} BlockPos{x=-63, y=64, z=-28}
[18:56:44] [Server thread/WARN] (Minecraft) Mismatch in destroy block pos: BlockPos{x=-63, y=62, z=-32} BlockPos{x=-64, y=64, z=-28}
[18:56:44] [Server thread/WARN] (Minecraft) Mismatch in destroy block pos: BlockPos{x=-63, y=62, z=-32} BlockPos{x=-64, y=64, z=-29}
[18:56:44] [Server thread/WARN] (Minecraft) Mismatch in destroy block pos: BlockPos{x=-64, y=64, z=-29} BlockPos{x=-64, y=64, z=-27}
[18:56:44] [Server thread/WARN] (Minecraft) Mismatch in destroy block pos: BlockPos{x=-64, y=64, z=-29} BlockPos{x=-64, y=64, z=-26}
[18:56:44] [Server thread/WARN] (Minecraft) Mismatch in destroy block pos: BlockPos{x=-64, y=64, z=-29} BlockPos{x=-63, y=64, z=-27}
[18:56:44] [Server thread/WARN] (Minecraft) Mismatch in destroy block pos: BlockPos{x=-63, y=65, z=-27} BlockPos{x=-64, y=65, z=-28}
[18:56:44] [Server thread/WARN] (Minecraft) Mismatch in destroy block pos: BlockPos{x=-63, y=65, z=-27} BlockPos{x=-64, y=65, z=-27}
[18:56:45] [Server thread/WARN] (Minecraft) Mismatch in destroy block pos: BlockPos{x=-63, y=65, z=-27} BlockPos{x=-64, y=65, z=-26}
[18:56:45] [Server thread/WARN] (Minecraft) Mismatch in destroy block pos: BlockPos{x=-63, y=65, z=-27} BlockPos{x=-64, y=65, z=-25}
[18:56:45] [Server thread/WARN] (Minecraft) Mismatch in destroy block pos: BlockPos{x=-63, y=65, z=-27} BlockPos{x=-65, y=65, z=-25}
[18:56:45] [Server thread/WARN] (Minecraft) Mismatch in destroy block pos: BlockPos{x=-63, y=65, z=-27} BlockPos{x=-65, y=65, z=-24}
[18:56:45] [Server thread/WARN] (Minecraft) Mismatch in destroy block pos: BlockPos{x=-63, y=65, z=-27} BlockPos{x=-63, y=65, z=-26}
[18:56:45] [Server thread/WARN] (Minecraft) Mismatch in destroy block pos: BlockPos{x=-63, y=65, z=-26} BlockPos{x=-65, y=65, z=-26}
[18:56:45] [Server thread/WARN] (Minecraft) Mismatch in destroy block pos: BlockPos{x=-63, y=65, z=-26} BlockPos{x=-65, y=65, z=-27}
[18:56:52] [Server thread/INFO] (mapupgrades) [MapUpgrades] Config loaded from D:\Cristopher\Documents\minecraft\MODS PARA MAPAS\fabric\mapupgrades\run\config\mapupgrades.json
[18:56:52] [Server thread/INFO] (Minecraft) [Player211: MapUpgrades config reloaded successfully.]
[18:56:52] [Render thread/INFO] (Minecraft) [System] [CHAT] MapUpgrades config reloaded successfully.
[18:56:53] [Render thread/INFO] (Minecraft) [System] [CHAT] === Your Upgrades ===
[18:56:53] [Render thread/INFO] (Minecraft) [System] [CHAT] Walk Speed: Lv 0 / 30  (next: 10 coins)
[18:56:53] [Render thread/INFO] (Minecraft) [System] [CHAT] Stone Speed: Lv 15 / 30  (next: 4379 coins)
[18:56:53] [Render thread/INFO] (Minecraft) [System] [CHAT] Dirt Speed: Lv 15 / 30  (next: 4379 coins)
[18:56:53] [Render thread/INFO] (Minecraft) [System] [CHAT] Wood Speed: Lv 15 / 30  (next: 4379 coins)
[18:56:53] [Render thread/INFO] (Minecraft) [System] [CHAT] Max Health: Lv 0 / 30  (next: 15 coins)
[18:59:11] [Server thread/WARN] (Minecraft) Mismatch in destroy block pos: BlockPos{x=-65, y=64, z=-30} BlockPos{x=-65, y=65, z=-29}
[18:59:11] [Server thread/WARN] (Minecraft) Mismatch in destroy block pos: BlockPos{x=-65, y=64, z=-30} BlockPos{x=-65, y=65, z=-30}
[18:59:11] [Server thread/WARN] (Minecraft) Mismatch in destroy block pos: BlockPos{x=-65, y=64, z=-30} BlockPos{x=-66, y=65, z=-30}
[18:59:11] [Server thread/WARN] (Minecraft) Mismatch in destroy block pos: BlockPos{x=-65, y=64, z=-30} BlockPos{x=-65, y=65, z=-31}
[18:59:11] [Server thread/WARN] (Minecraft) Mismatch in destroy block pos: BlockPos{x=-65, y=64, z=-30} BlockPos{x=-66, y=65, z=-31}
[18:59:11] [Server thread/WARN] (Minecraft) Mismatch in destroy block pos: BlockPos{x=-65, y=64, z=-30} BlockPos{x=-66, y=65, z=-32}
[19:01:20] [Server thread/INFO] (mapupgrades) [MapUpgrades] Config loaded from D:\Cristopher\Documents\minecraft\MODS PARA MAPAS\fabric\mapupgrades\run\config\mapupgrades.json
[19:01:20] [Server thread/INFO] (Minecraft) [Player211: MapUpgrades config reloaded successfully.]
[19:01:20] [Render thread/INFO] (Minecraft) [System] [CHAT] MapUpgrades config reloaded successfully.
[19:01:21] [Server thread/WARN] (Minecraft) Mismatch in destroy block pos: BlockPos{x=-67, y=65, z=-30} BlockPos{x=-65, y=64, z=-28}
[19:01:21] [Server thread/WARN] (Minecraft) Mismatch in destroy block pos: BlockPos{x=-67, y=65, z=-30} BlockPos{x=-66, y=64, z=-28}
[19:01:21] [Server thread/WARN] (Minecraft) Mismatch in destroy block pos: BlockPos{x=-67, y=65, z=-30} BlockPos{x=-66, y=64, z=-27}
[19:01:21] [Server thread/WARN] (Minecraft) Mismatch in destroy block pos: BlockPos{x=-66, y=63, z=-27} BlockPos{x=-65, y=64, z=-27}
[19:01:21] [Server thread/WARN] (Minecraft) Mismatch in destroy block pos: BlockPos{x=-65, y=63, z=-27} BlockPos{x=-65, y=63, z=-28}
[19:01:21] [Server thread/WARN] (Minecraft) Mismatch in destroy block pos: BlockPos{x=-65, y=63, z=-29} BlockPos{x=-66, y=63, z=-28}
[19:01:23] [Server thread/WARN] (Minecraft) Mismatch in destroy block pos: BlockPos{x=-66, y=64, z=-29} BlockPos{x=-65, y=63, z=-29}
[19:01:23] [Server thread/WARN] (Minecraft) Mismatch in destroy block pos: BlockPos{x=-66, y=64, z=-29} BlockPos{x=-66, y=63, z=-29}
[19:01:23] [Server thread/WARN] (Minecraft) Mismatch in destroy block pos: BlockPos{x=-66, y=64, z=-29} BlockPos{x=-66, y=63, z=-30}
[19:01:23] [Server thread/WARN] (Minecraft) Mismatch in destroy block pos: BlockPos{x=-66, y=64, z=-29} BlockPos{x=-65, y=63, z=-30}
[19:01:23] [Server thread/WARN] (Minecraft) Mismatch in destroy block pos: BlockPos{x=-66, y=64, z=-29} BlockPos{x=-65, y=64, z=-30}
[19:01:23] [Server thread/WARN] (Minecraft) Mismatch in destroy block pos: BlockPos{x=-66, y=64, z=-29} BlockPos{x=-66, y=63, z=-31}
[19:01:23] [Server thread/WARN] (Minecraft) Mismatch in destroy block pos: BlockPos{x=-66, y=64, z=-29} BlockPos{x=-67, y=63, z=-31}
[19:01:23] [Server thread/WARN] (Minecraft) Mismatch in destroy block pos: BlockPos{x=-66, y=64, z=-30} BlockPos{x=-66, y=64, z=-29}
[19:01:24] [Server thread/WARN] (Minecraft) Mismatch in destroy block pos: BlockPos{x=-66, y=64, z=-30} BlockPos{x=-67, y=64, z=-29}
[19:01:24] [Server thread/WARN] (Minecraft) Mismatch in destroy block pos: BlockPos{x=-66, y=64, z=-30} BlockPos{x=-67, y=63, z=-29}
[19:01:24] [Server thread/WARN] (Minecraft) Mismatch in destroy block pos: BlockPos{x=-66, y=64, z=-30} BlockPos{x=-68, y=63, z=-29}
[19:01:24] [Server thread/WARN] (Minecraft) Mismatch in destroy block pos: BlockPos{x=-66, y=64, z=-30} BlockPos{x=-67, y=63, z=-30}
[19:01:24] [Server thread/WARN] (Minecraft) Mismatch in destroy block pos: BlockPos{x=-66, y=64, z=-30} BlockPos{x=-67, y=62, z=-30}
[19:01:24] [Server thread/WARN] (Minecraft) Mismatch in destroy block pos: BlockPos{x=-66, y=64, z=-30} BlockPos{x=-67, y=62, z=-29}
[19:01:24] [Server thread/WARN] (Minecraft) Mismatch in destroy block pos: BlockPos{x=-66, y=64, z=-30} BlockPos{x=-66, y=62, z=-29}
[19:01:24] [Server thread/WARN] (Minecraft) Mismatch in destroy block pos: BlockPos{x=-66, y=64, z=-30} BlockPos{x=-66, y=62, z=-30}
[19:01:24] [Server thread/WARN] (Minecraft) Mismatch in destroy block pos: BlockPos{x=-66, y=64, z=-30} BlockPos{x=-65, y=62, z=-30}
[19:01:24] [Server thread/WARN] (Minecraft) Mismatch in destroy block pos: BlockPos{x=-65, y=62, z=-30} BlockPos{x=-66, y=62, z=-31}
[19:01:24] [Server thread/WARN] (Minecraft) Mismatch in destroy block pos: BlockPos{x=-65, y=62, z=-30} BlockPos{x=-66, y=61, z=-30}
[19:01:24] [Server thread/WARN] (Minecraft) Mismatch in destroy block pos: BlockPos{x=-65, y=62, z=-30} BlockPos{x=-66, y=60, z=-30}
[19:01:24] [Server thread/WARN] (Minecraft) Mismatch in destroy block pos: BlockPos{x=-65, y=62, z=-30} BlockPos{x=-65, y=61, z=-30}
[19:01:24] [Server thread/WARN] (Minecraft) Mismatch in destroy block pos: BlockPos{x=-65, y=62, z=-30} BlockPos{x=-66, y=61, z=-31}
[19:01:25] [Server thread/WARN] (Minecraft) Mismatch in destroy block pos: BlockPos{x=-65, y=62, z=-30} BlockPos{x=-67, y=61, z=-31}
[19:01:25] [Server thread/WARN] (Minecraft) Mismatch in destroy block pos: BlockPos{x=-65, y=62, z=-30} BlockPos{x=-67, y=61, z=-29}
[19:01:25] [Server thread/WARN] (Minecraft) Mismatch in destroy block pos: BlockPos{x=-65, y=62, z=-30} BlockPos{x=-65, y=62, z=-29}
[19:01:25] [Server thread/WARN] (Minecraft) Mismatch in destroy block pos: BlockPos{x=-65, y=62, z=-30} BlockPos{x=-65, y=61, z=-29}
[19:01:25] [Server thread/WARN] (Minecraft) Mismatch in destroy block pos: BlockPos{x=-65, y=62, z=-30} BlockPos{x=-65, y=60, z=-29}
[19:01:25] [Server thread/WARN] (Minecraft) Mismatch in destroy block pos: BlockPos{x=-65, y=62, z=-30} BlockPos{x=-64, y=62, z=-29}
[19:01:25] [Server thread/WARN] (Minecraft) Mismatch in destroy block pos: BlockPos{x=-65, y=62, z=-30} BlockPos{x=-65, y=60, z=-30}
[19:03:47] [Server thread/INFO] (mapupgrades) [MapUpgrades] Config loaded from D:\Cristopher\Documents\minecraft\MODS PARA MAPAS\fabric\mapupgrades\run\config\mapupgrades.json
[19:03:47] [Server thread/INFO] (Minecraft) [Player211: MapUpgrades config reloaded successfully.]
[19:03:47] [Render thread/INFO] (Minecraft) [System] [CHAT] MapUpgrades config reloaded successfully.
[19:03:48] [Server thread/WARN] (Minecraft) Mismatch in destroy block pos: BlockPos{x=-65, y=62, z=-30} BlockPos{x=-65, y=62, z=-28}
[19:03:48] [Server thread/WARN] (Minecraft) Mismatch in destroy block pos: BlockPos{x=-65, y=62, z=-30} BlockPos{x=-66, y=62, z=-28}
[19:03:48] [Server thread/WARN] (Minecraft) Mismatch in destroy block pos: BlockPos{x=-65, y=62, z=-30} BlockPos{x=-66, y=61, z=-28}
[19:03:48] [Server thread/WARN] (Minecraft) Mismatch in destroy block pos: BlockPos{x=-65, y=62, z=-30} BlockPos{x=-66, y=60, z=-28}
[19:03:49] [Server thread/WARN] (Minecraft) Mismatch in destroy block pos: BlockPos{x=-65, y=62, z=-30} BlockPos{x=-67, y=60, z=-28}
[19:03:49] [Server thread/WARN] (Minecraft) Mismatch in destroy block pos: BlockPos{x=-65, y=62, z=-30} BlockPos{x=-67, y=61, z=-28}
[19:03:49] [Server thread/WARN] (Minecraft) Mismatch in destroy block pos: BlockPos{x=-65, y=62, z=-30} BlockPos{x=-67, y=61, z=-27}
[19:03:49] [Server thread/WARN] (Minecraft) Mismatch in destroy block pos: BlockPos{x=-65, y=62, z=-30} BlockPos{x=-66, y=62, z=-27}
[19:03:49] [Server thread/WARN] (Minecraft) Mismatch in destroy block pos: BlockPos{x=-65, y=62, z=-30} BlockPos{x=-65, y=63, z=-27}
[19:03:49] [Server thread/WARN] (Minecraft) Mismatch in destroy block pos: BlockPos{x=-65, y=62, z=-30} BlockPos{x=-65, y=62, z=-27}
[19:03:49] [Server thread/WARN] (Minecraft) Mismatch in destroy block pos: BlockPos{x=-65, y=62, z=-30} BlockPos{x=-66, y=61, z=-27}
[19:03:49] [Server thread/WARN] (Minecraft) Mismatch in destroy block pos: BlockPos{x=-65, y=62, z=-30} BlockPos{x=-66, y=61, z=-26}
[19:03:49] [Server thread/WARN] (Minecraft) Mismatch in destroy block pos: BlockPos{x=-65, y=62, z=-30} BlockPos{x=-67, y=61, z=-26}
[19:03:49] [Server thread/WARN] (Minecraft) Mismatch in destroy block pos: BlockPos{x=-65, y=62, z=-30} BlockPos{x=-66, y=63, z=-27}
[19:03:49] [Server thread/WARN] (Minecraft) Mismatch in destroy block pos: BlockPos{x=-65, y=62, z=-30} BlockPos{x=-67, y=62, z=-27}
[19:03:49] [Server thread/WARN] (Minecraft) Mismatch in destroy block pos: BlockPos{x=-65, y=62, z=-30} BlockPos{x=-67, y=62, z=-26}
[19:03:50] [Server thread/WARN] (Minecraft) Mismatch in destroy block pos: BlockPos{x=-65, y=62, z=-30} BlockPos{x=-68, y=62, z=-27}
[19:04:03] [Server thread/INFO] (mapupgrades) [MapUpgrades] Config loaded from D:\Cristopher\Documents\minecraft\MODS PARA MAPAS\fabric\mapupgrades\run\config\mapupgrades.json
[19:04:03] [Server thread/INFO] (Minecraft) [Player211: MapUpgrades config reloaded successfully.]
[19:04:03] [Render thread/INFO] (Minecraft) [System] [CHAT] MapUpgrades config reloaded successfully.
[19:04:13] [Server thread/WARN] (Minecraft) Mismatch in destroy block pos: BlockPos{x=-61, y=64, z=-32} BlockPos{x=-62, y=64, z=-33}
[19:04:13] [Server thread/WARN] (Minecraft) Mismatch in destroy block pos: BlockPos{x=-61, y=64, z=-32} BlockPos{x=-62, y=63, z=-33}
[19:04:13] [Server thread/WARN] (Minecraft) Mismatch in destroy block pos: BlockPos{x=-61, y=64, z=-32} BlockPos{x=-62, y=63, z=-34}
[19:04:13] [Server thread/WARN] (Minecraft) Mismatch in destroy block pos: BlockPos{x=-61, y=64, z=-32} BlockPos{x=-62, y=63, z=-35}
[19:04:13] [Server thread/WARN] (Minecraft) Mismatch in destroy block pos: BlockPos{x=-61, y=64, z=-32} BlockPos{x=-62, y=63, z=-36}
[19:04:14] [Server thread/WARN] (Minecraft) Mismatch in destroy block pos: BlockPos{x=-61, y=64, z=-32} BlockPos{x=-62, y=62, z=-35}
[19:04:14] [Server thread/WARN] (Minecraft) Mismatch in destroy block pos: BlockPos{x=-61, y=64, z=-32} BlockPos{x=-61, y=64, z=-33}
[19:04:14] [Server thread/WARN] (Minecraft) Mismatch in destroy block pos: BlockPos{x=-61, y=64, z=-32} BlockPos{x=-60, y=64, z=-33}
[19:04:14] [Server thread/WARN] (Minecraft) Mismatch in destroy block pos: BlockPos{x=-61, y=64, z=-32} BlockPos{x=-60, y=64, z=-34}
[19:04:14] [Server thread/WARN] (Minecraft) Mismatch in destroy block pos: BlockPos{x=-61, y=64, z=-32} BlockPos{x=-61, y=63, z=-33}
[19:04:14] [Server thread/WARN] (Minecraft) Mismatch in destroy block pos: BlockPos{x=-61, y=64, z=-32} BlockPos{x=-61, y=63, z=-32}
[19:04:14] [Server thread/WARN] (Minecraft) Mismatch in destroy block pos: BlockPos{x=-61, y=64, z=-32} BlockPos{x=-61, y=62, z=-33}
[19:04:14] [Server thread/WARN] (Minecraft) Mismatch in destroy block pos: BlockPos{x=-61, y=64, z=-32} BlockPos{x=-61, y=63, z=-34}
[19:04:14] [Server thread/WARN] (Minecraft) Mismatch in destroy block pos: BlockPos{x=-61, y=64, z=-32} BlockPos{x=-61, y=63, z=-35}
[19:04:14] [Server thread/WARN] (Minecraft) Mismatch in destroy block pos: BlockPos{x=-61, y=64, z=-32} BlockPos{x=-60, y=63, z=-35}
[19:04:14] [Server thread/WARN] (Minecraft) Mismatch in destroy block pos: BlockPos{x=-61, y=64, z=-32} BlockPos{x=-60, y=63, z=-34}
[19:04:14] [Server thread/WARN] (Minecraft) Mismatch in destroy block pos: BlockPos{x=-61, y=64, z=-32} BlockPos{x=-60, y=63, z=-33}
[19:04:14] [Server thread/WARN] (Minecraft) Mismatch in destroy block pos: BlockPos{x=-61, y=64, z=-32} BlockPos{x=-60, y=63, z=-32}
[19:04:14] [Server thread/WARN] (Minecraft) Mismatch in destroy block pos: BlockPos{x=-61, y=64, z=-32} BlockPos{x=-60, y=64, z=-32}
[19:04:14] [Server thread/WARN] (Minecraft) Mismatch in destroy block pos: BlockPos{x=-61, y=64, z=-32} BlockPos{x=-59, y=63, z=-32}
[19:04:15] [Server thread/WARN] (Minecraft) Mismatch in destroy block pos: BlockPos{x=-61, y=64, z=-32} BlockPos{x=-58, y=63, z=-32}
[19:04:15] [Server thread/WARN] (Minecraft) Mismatch in destroy block pos: BlockPos{x=-61, y=64, z=-32} BlockPos{x=-59, y=63, z=-33}
[19:04:15] [Server thread/WARN] (Minecraft) Mismatch in destroy block pos: BlockPos{x=-61, y=64, z=-32} BlockPos{x=-59, y=62, z=-33}
[19:04:15] [Server thread/WARN] (Minecraft) Mismatch in destroy block pos: BlockPos{x=-61, y=64, z=-32} BlockPos{x=-60, y=62, z=-33}
[19:04:15] [Server thread/WARN] (Minecraft) Mismatch in destroy block pos: BlockPos{x=-60, y=62, z=-33} BlockPos{x=-59, y=62, z=-32}
[19:04:15] [Server thread/WARN] (Minecraft) Mismatch in destroy block pos: BlockPos{x=-60, y=62, z=-33} BlockPos{x=-58, y=62, z=-32}
[19:04:15] [Server thread/WARN] (Minecraft) Mismatch in destroy block pos: BlockPos{x=-60, y=62, z=-33} BlockPos{x=-58, y=62, z=-33}
[19:04:15] [Server thread/WARN] (Minecraft) Mismatch in destroy block pos: BlockPos{x=-60, y=62, z=-33} BlockPos{x=-60, y=62, z=-34}
[19:04:15] [Server thread/WARN] (Minecraft) Mismatch in destroy block pos: BlockPos{x=-60, y=62, z=-33} BlockPos{x=-60, y=61, z=-33}
[19:04:15] [Server thread/WARN] (Minecraft) Mismatch in destroy block pos: BlockPos{x=-60, y=62, z=-33} BlockPos{x=-60, y=61, z=-32}
[19:04:15] [Server thread/WARN] (Minecraft) Mismatch in destroy block pos: BlockPos{x=-60, y=62, z=-33} BlockPos{x=-60, y=62, z=-32}
[19:04:15] [Server thread/WARN] (Minecraft) Mismatch in destroy block pos: BlockPos{x=-60, y=62, z=-33} BlockPos{x=-58, y=63, z=-31}
[19:04:15] [Server thread/WARN] (Minecraft) Mismatch in destroy block pos: BlockPos{x=-60, y=62, z=-33} BlockPos{x=-58, y=63, z=-33}
[19:04:15] [Server thread/WARN] (Minecraft) Mismatch in destroy block pos: BlockPos{x=-60, y=62, z=-33} BlockPos{x=-58, y=61, z=-33}
[19:04:15] [Server thread/WARN] (Minecraft) Mismatch in destroy block pos: BlockPos{x=-60, y=62, z=-33} BlockPos{x=-59, y=61, z=-33}
[19:04:15] [Server thread/WARN] (Minecraft) Mismatch in destroy block pos: BlockPos{x=-60, y=62, z=-33} BlockPos{x=-59, y=60, z=-33}
[19:04:15] [Server thread/WARN] (Minecraft) Mismatch in destroy block pos: BlockPos{x=-60, y=62, z=-33} BlockPos{x=-58, y=61, z=-32}
[19:04:15] [Server thread/WARN] (Minecraft) Mismatch in destroy block pos: BlockPos{x=-60, y=62, z=-33} BlockPos{x=-59, y=64, z=-32}
[19:04:16] [Server thread/WARN] (Minecraft) Mismatch in destroy block pos: BlockPos{x=-60, y=62, z=-33} BlockPos{x=-59, y=64, z=-33}
[19:04:16] [Server thread/WARN] (Minecraft) Mismatch in destroy block pos: BlockPos{x=-60, y=62, z=-33} BlockPos{x=-59, y=63, z=-34}
[19:04:16] [Server thread/WARN] (Minecraft) Mismatch in destroy block pos: BlockPos{x=-60, y=62, z=-33} BlockPos{x=-59, y=63, z=-35}
[19:04:16] [Server thread/WARN] (Minecraft) Mismatch in destroy block pos: BlockPos{x=-60, y=62, z=-33} BlockPos{x=-59, y=62, z=-34}
[19:04:22] [Server thread/INFO] (Minecraft) Saving and pausing game...
[19:04:22] [Server thread/INFO] (Minecraft) Saving chunks for level 'ServerLevel[New World]'/minecraft:overworld
[19:04:22] [Server thread/INFO] (Minecraft) Saving chunks for level 'ServerLevel[New World]'/minecraft:the_end
[19:04:22] [Server thread/INFO] (Minecraft) Saving chunks for level 'ServerLevel[New World]'/minecraft:the_nether
[19:04:46] [Render thread/INFO] (Minecraft) Stopping!
[19:04:46] [Server thread/INFO] (Minecraft) Player211 lost connection: Disconnected
[19:04:46] [Server thread/INFO] (Minecraft) Player211 left the game
[19:04:46] [Server thread/INFO] (Minecraft) Stopping singleplayer server as player logged out
[19:04:46] [Server thread/INFO] (Minecraft) Stopping server
[19:04:46] [Server thread/INFO] (Minecraft) Saving players
[19:04:46] [Server thread/INFO] (Minecraft) Saving worlds
[19:04:46] [Server thread/INFO] (Minecraft) Saving chunks for level 'ServerLevel[New World]'/minecraft:overworld
[19:04:47] [Server thread/INFO] (Minecraft) Saving chunks for level 'ServerLevel[New World]'/minecraft:the_end
[19:04:47] [Server thread/INFO] (Minecraft) Saving chunks for level 'ServerLevel[New World]'/minecraft:the_nether
[19:04:47] [Server thread/INFO] (Minecraft) ThreadedAnvilChunkStorage (New World): All chunks are saved
[19:04:47] [Server thread/INFO] (Minecraft) ThreadedAnvilChunkStorage (DIM1): All chunks are saved
[19:04:47] [Server thread/INFO] (Minecraft) ThreadedAnvilChunkStorage (DIM-1): All chunks are saved
[19:04:47] [Server thread/INFO] (Minecraft) ThreadedAnvilChunkStorage: All dimensions are saved
